// Jest Snapshot v1, https://goo.gl/fbAQLP

exports[`AccordionItemState renders correctly with min params 1`] = `""`;
